
> full-stack-repo-frontend@0.1.0 test
> react-scripts test --coverage

  console.error
    Error: Uncaught [TypeError: win.matchMedia is not a function]
        at reportException (/home/runner/work/full-stack-repo/full-stack-repo/frontend/node_modules/jsdom/lib/jsdom/living/helpers/runtime-script-errors.js:66:24)
        at innerInvokeEventListeners (/home/runner/work/full-stack-repo/full-stack-repo/frontend/node_modules/jsdom/lib/jsdom/living/events/EventTarget-impl.js:341:9)
        at invokeEventListeners (/home/runner/work/full-stack-repo/full-stack-repo/frontend/node_modules/jsdom/lib/jsdom/living/events/EventTarget-impl.js:274:3)
        at HTMLUnknownElementImpl._dispatch (/home/runner/work/full-stack-repo/full-stack-repo/frontend/node_modules/jsdom/lib/jsdom/living/events/EventTarget-impl.js:221:9)
        at HTMLUnknownElementImpl.dispatchEvent (/home/runner/work/full-stack-repo/full-stack-repo/frontend/node_modules/jsdom/lib/jsdom/living/events/EventTarget-impl.js:94:17)
        at HTMLUnknownElement.dispatchEvent (/home/runner/work/full-stack-repo/full-stack-repo/frontend/node_modules/jsdom/lib/jsdom/living/generated/EventTarget.js:231:34)
        at Object.invokeGuardedCallbackDev (/home/runner/work/full-stack-repo/full-stack-repo/frontend/node_modules/react-dom/cjs/react-dom.development.js:4213:16)
        at invokeGuardedCallback (/home/runner/work/full-stack-repo/full-stack-repo/frontend/node_modules/react-dom/cjs/react-dom.development.js:4277:31)
        at reportUncaughtErrorInDEV (/home/runner/work/full-stack-repo/full-stack-repo/frontend/node_modules/react-dom/cjs/react-dom.development.js:22838:5)
        at captureCommitPhaseError (/home/runner/work/full-stack-repo/full-stack-repo/frontend/node_modules/react-dom/cjs/react-dom.development.js:27126:5)
        at commitPassiveMountEffects_complete (/home/runner/work/full-stack-repo/full-stack-repo/frontend/node_modules/react-dom/cjs/react-dom.development.js:24893:9)
        at commitPassiveMountEffects_begin (/home/runner/work/full-stack-repo/full-stack-repo/frontend/node_modules/react-dom/cjs/react-dom.development.js:24878:7)
        at commitPassiveMountEffects (/home/runner/work/full-stack-repo/full-stack-repo/frontend/node_modules/react-dom/cjs/react-dom.development.js:24866:3)
        at flushPassiveEffectsImpl (/home/runner/work/full-stack-repo/full-stack-repo/frontend/node_modules/react-dom/cjs/react-dom.development.js:27039:3)
        at flushPassiveEffects (/home/runner/work/full-stack-repo/full-stack-repo/frontend/node_modules/react-dom/cjs/react-dom.development.js:26984:14)
        at performSyncWorkOnRoot (/home/runner/work/full-stack-repo/full-stack-repo/frontend/node_modules/react-dom/cjs/react-dom.development.js:26076:3)
        at flushSyncCallbacks (/home/runner/work/full-stack-repo/full-stack-repo/frontend/node_modules/react-dom/cjs/react-dom.development.js:12042:22)
        at commitRootImpl (/home/runner/work/full-stack-repo/full-stack-repo/frontend/node_modules/react-dom/cjs/react-dom.development.js:26959:3)
        at commitRoot (/home/runner/work/full-stack-repo/full-stack-repo/frontend/node_modules/react-dom/cjs/react-dom.development.js:26682:5)
        at finishConcurrentRender (/home/runner/work/full-stack-repo/full-stack-repo/frontend/node_modules/react-dom/cjs/react-dom.development.js:25981:9)
        at performConcurrentWorkOnRoot (/home/runner/work/full-stack-repo/full-stack-repo/frontend/node_modules/react-dom/cjs/react-dom.development.js:25809:7)
        at flushActQueue (/home/runner/work/full-stack-repo/full-stack-repo/frontend/node_modules/react/cjs/react.development.js:2667:24)
        at act (/home/runner/work/full-stack-repo/full-stack-repo/frontend/node_modules/react/cjs/react.development.js:2582:11)
        at /home/runner/work/full-stack-repo/full-stack-repo/frontend/node_modules/@testing-library/react/dist/act-compat.js:63:25
        at renderRoot (/home/runner/work/full-stack-repo/full-stack-repo/frontend/node_modules/@testing-library/react/dist/pure.js:159:26)
        at render (/home/runner/work/full-stack-repo/full-stack-repo/frontend/node_modules/@testing-library/react/dist/pure.js:246:10)
        at customRender (/home/runner/work/full-stack-repo/full-stack-repo/frontend/src/test-utils.tsx:10:9)
        at Object.<anonymous> (/home/runner/work/full-stack-repo/full-stack-repo/frontend/src/App.test.tsx:7:9)
        at Promise.then.completed (/home/runner/work/full-stack-repo/full-stack-repo/frontend/node_modules/jest-circus/build/utils.js:391:28)
        at new Promise (<anonymous>)
        at callAsyncCircusFn (/home/runner/work/full-stack-repo/full-stack-repo/frontend/node_modules/jest-circus/build/utils.js:316:10)
        at _callCircusTest (/home/runner/work/full-stack-repo/full-stack-repo/frontend/node_modules/jest-circus/build/run.js:218:40)
        at processTicksAndRejections (node:internal/process/task_queues:96:5)
        at _runTest (/home/runner/work/full-stack-repo/full-stack-repo/frontend/node_modules/jest-circus/build/run.js:155:3)
        at _runTestsForDescribeBlock (/home/runner/work/full-stack-repo/full-stack-repo/frontend/node_modules/jest-circus/build/run.js:66:9)
        at run (/home/runner/work/full-stack-repo/full-stack-repo/frontend/node_modules/jest-circus/build/run.js:25:3)
        at runAndTransformResultsToJestFormat (/home/runner/work/full-stack-repo/full-stack-repo/frontend/node_modules/jest-circus/build/legacy-code-todo-rewrite/jestAdapterInit.js:170:21)
        at jestAdapter (/home/runner/work/full-stack-repo/full-stack-repo/frontend/node_modules/jest-circus/build/legacy-code-todo-rewrite/jestAdapter.js:82:19)
        at runTestInternal (/home/runner/work/full-stack-repo/full-stack-repo/frontend/node_modules/jest-runner/build/runTest.js:389:16)
        at runTest (/home/runner/work/full-stack-repo/full-stack-repo/frontend/node_modules/jest-runner/build/runTest.js:475:34)
        at TestRunner.runTests (/home/runner/work/full-stack-repo/full-stack-repo/frontend/node_modules/jest-runner/build/index.js:101:12)
        at TestScheduler.scheduleTests (/home/runner/work/full-stack-repo/full-stack-repo/frontend/node_modules/@jest/core/build/TestScheduler.js:333:13)
        at runJest (/home/runner/work/full-stack-repo/full-stack-repo/frontend/node_modules/@jest/core/build/runJest.js:404:19)
        at _run10000 (/home/runner/work/full-stack-repo/full-stack-repo/frontend/node_modules/@jest/core/build/cli/index.js:320:7)
        at runCLI (/home/runner/work/full-stack-repo/full-stack-repo/frontend/node_modules/@jest/core/build/cli/index.js:173:3)
        at Object.run (/home/runner/work/full-stack-repo/full-stack-repo/frontend/node_modules/jest-cli/build/cli/index.js:155:37) TypeError: win.matchMedia is not a function
        at /home/runner/work/full-stack-repo/full-stack-repo/frontend/node_modules/@chakra-ui/media-query/src/use-media-query.ts:44:22
        at Array.map (<anonymous>)
        at /home/runner/work/full-stack-repo/full-stack-repo/frontend/node_modules/@chakra-ui/media-query/src/use-media-query.ts:42:15
        at commitHookEffectListMount (/home/runner/work/full-stack-repo/full-stack-repo/frontend/node_modules/react-dom/cjs/react-dom.development.js:23150:26)
        at commitPassiveMountOnFiber (/home/runner/work/full-stack-repo/full-stack-repo/frontend/node_modules/react-dom/cjs/react-dom.development.js:24931:11)
        at commitPassiveMountEffects_complete (/home/runner/work/full-stack-repo/full-stack-repo/frontend/node_modules/react-dom/cjs/react-dom.development.js:24891:9)
        at commitPassiveMountEffects_begin (/home/runner/work/full-stack-repo/full-stack-repo/frontend/node_modules/react-dom/cjs/react-dom.development.js:24878:7)
        at commitPassiveMountEffects (/home/runner/work/full-stack-repo/full-stack-repo/frontend/node_modules/react-dom/cjs/react-dom.development.js:24866:3)
        at flushPassiveEffectsImpl (/home/runner/work/full-stack-repo/full-stack-repo/frontend/node_modules/react-dom/cjs/react-dom.development.js:27039:3)
        at flushPassiveEffects (/home/runner/work/full-stack-repo/full-stack-repo/frontend/node_modules/react-dom/cjs/react-dom.development.js:26984:14)
        at performSyncWorkOnRoot (/home/runner/work/full-stack-repo/full-stack-repo/frontend/node_modules/react-dom/cjs/react-dom.development.js:26076:3)
        at flushSyncCallbacks (/home/runner/work/full-stack-repo/full-stack-repo/frontend/node_modules/react-dom/cjs/react-dom.development.js:12042:22)
        at commitRootImpl (/home/runner/work/full-stack-repo/full-stack-repo/frontend/node_modules/react-dom/cjs/react-dom.development.js:26959:3)
        at commitRoot (/home/runner/work/full-stack-repo/full-stack-repo/frontend/node_modules/react-dom/cjs/react-dom.development.js:26682:5)
        at finishConcurrentRender (/home/runner/work/full-stack-repo/full-stack-repo/frontend/node_modules/react-dom/cjs/react-dom.development.js:25981:9)
        at performConcurrentWorkOnRoot (/home/runner/work/full-stack-repo/full-stack-repo/frontend/node_modules/react-dom/cjs/react-dom.development.js:25809:7)
        at flushActQueue (/home/runner/work/full-stack-repo/full-stack-repo/frontend/node_modules/react/cjs/react.development.js:2667:24)
        at act (/home/runner/work/full-stack-repo/full-stack-repo/frontend/node_modules/react/cjs/react.development.js:2582:11)
        at /home/runner/work/full-stack-repo/full-stack-repo/frontend/node_modules/@testing-library/react/dist/act-compat.js:63:25
        at renderRoot (/home/runner/work/full-stack-repo/full-stack-repo/frontend/node_modules/@testing-library/react/dist/pure.js:159:26)
        at render (/home/runner/work/full-stack-repo/full-stack-repo/frontend/node_modules/@testing-library/react/dist/pure.js:246:10)
        at customRender (/home/runner/work/full-stack-repo/full-stack-repo/frontend/src/test-utils.tsx:10:9)
        at Object.<anonymous> (/home/runner/work/full-stack-repo/full-stack-repo/frontend/src/App.test.tsx:7:9)
        at Promise.then.completed (/home/runner/work/full-stack-repo/full-stack-repo/frontend/node_modules/jest-circus/build/utils.js:391:28)
        at new Promise (<anonymous>)
        at callAsyncCircusFn (/home/runner/work/full-stack-repo/full-stack-repo/frontend/node_modules/jest-circus/build/utils.js:316:10)
        at _callCircusTest (/home/runner/work/full-stack-repo/full-stack-repo/frontend/node_modules/jest-circus/build/run.js:218:40)
        at processTicksAndRejections (node:internal/process/task_queues:96:5)
        at _runTest (/home/runner/work/full-stack-repo/full-stack-repo/frontend/node_modules/jest-circus/build/run.js:155:3)
        at _runTestsForDescribeBlock (/home/runner/work/full-stack-repo/full-stack-repo/frontend/node_modules/jest-circus/build/run.js:66:9)
        at run (/home/runner/work/full-stack-repo/full-stack-repo/frontend/node_modules/jest-circus/build/run.js:25:3)
        at runAndTransformResultsToJestFormat (/home/runner/work/full-stack-repo/full-stack-repo/frontend/node_modules/jest-circus/build/legacy-code-todo-rewrite/jestAdapterInit.js:170:21)
        at jestAdapter (/home/runner/work/full-stack-repo/full-stack-repo/frontend/node_modules/jest-circus/build/legacy-code-todo-rewrite/jestAdapter.js:82:19)
        at runTestInternal (/home/runner/work/full-stack-repo/full-stack-repo/frontend/node_modules/jest-runner/build/runTest.js:389:16)
        at runTest (/home/runner/work/full-stack-repo/full-stack-repo/frontend/node_modules/jest-runner/build/runTest.js:475:34)
        at TestRunner.runTests (/home/runner/work/full-stack-repo/full-stack-repo/frontend/node_modules/jest-runner/build/index.js:101:12)
        at TestScheduler.scheduleTests (/home/runner/work/full-stack-repo/full-stack-repo/frontend/node_modules/@jest/core/build/TestScheduler.js:333:13)
        at runJest (/home/runner/work/full-stack-repo/full-stack-repo/frontend/node_modules/@jest/core/build/runJest.js:404:19)
        at _run10000 (/home/runner/work/full-stack-repo/full-stack-repo/frontend/node_modules/@jest/core/build/cli/index.js:320:7)
        at runCLI (/home/runner/work/full-stack-repo/full-stack-repo/frontend/node_modules/@jest/core/build/cli/index.js:173:3)
        at Object.run (/home/runner/work/full-stack-repo/full-stack-repo/frontend/node_modules/jest-cli/build/cli/index.js:155:37)

    [0m [90m  8 |[39m
     [90m  9 |[39m [36mconst[39m customRender [33m=[39m (ui[33m:[39m [33mReact[39m[33m.[39m[33mReactElement[39m[33m,[39m options[33m?[39m[33m:[39m [33mRenderOptions[39m) [33m=>[39m
    [31m[1m>[22m[39m[90m 10 |[39m   render(ui[33m,[39m { wrapper[33m:[39m [33mAllProviders[39m[33m,[39m [33m...[39moptions })
     [90m    |[39m         [31m[1m^[22m[39m
     [90m 11 |[39m
     [90m 12 |[39m [36mexport[39m { customRender [36mas[39m render }
     [90m 13 |[39m[0m

      at VirtualConsole.<anonymous> (node_modules/jsdom/lib/jsdom/virtual-console.js:29:45)
      at reportException (node_modules/jsdom/lib/jsdom/living/helpers/runtime-script-errors.js:70:28)
      at innerInvokeEventListeners (node_modules/jsdom/lib/jsdom/living/events/EventTarget-impl.js:341:9)
      at invokeEventListeners (node_modules/jsdom/lib/jsdom/living/events/EventTarget-impl.js:274:3)
      at HTMLUnknownElementImpl._dispatch (node_modules/jsdom/lib/jsdom/living/events/EventTarget-impl.js:221:9)
      at HTMLUnknownElementImpl.dispatchEvent (node_modules/jsdom/lib/jsdom/living/events/EventTarget-impl.js:94:17)
      at HTMLUnknownElement.dispatchEvent (node_modules/jsdom/lib/jsdom/living/generated/EventTarget.js:231:34)
      at Object.invokeGuardedCallbackDev (node_modules/react-dom/cjs/react-dom.development.js:4213:16)
      at invokeGuardedCallback (node_modules/react-dom/cjs/react-dom.development.js:4277:31)
      at reportUncaughtErrorInDEV (node_modules/react-dom/cjs/react-dom.development.js:22838:5)
      at captureCommitPhaseError (node_modules/react-dom/cjs/react-dom.development.js:27126:5)
      at commitPassiveMountEffects_complete (node_modules/react-dom/cjs/react-dom.development.js:24893:9)
      at commitPassiveMountEffects_begin (node_modules/react-dom/cjs/react-dom.development.js:24878:7)
      at commitPassiveMountEffects (node_modules/react-dom/cjs/react-dom.development.js:24866:3)
      at flushPassiveEffectsImpl (node_modules/react-dom/cjs/react-dom.development.js:27039:3)
      at flushPassiveEffects (node_modules/react-dom/cjs/react-dom.development.js:26984:14)
      at performSyncWorkOnRoot (node_modules/react-dom/cjs/react-dom.development.js:26076:3)
      at flushSyncCallbacks (node_modules/react-dom/cjs/react-dom.development.js:12042:22)
      at commitRootImpl (node_modules/react-dom/cjs/react-dom.development.js:26959:3)
      at commitRoot (node_modules/react-dom/cjs/react-dom.development.js:26682:5)
      at finishConcurrentRender (node_modules/react-dom/cjs/react-dom.development.js:25981:9)
      at performConcurrentWorkOnRoot (node_modules/react-dom/cjs/react-dom.development.js:25809:7)
      at flushActQueue (node_modules/react/cjs/react.development.js:2667:24)
      at act (node_modules/react/cjs/react.development.js:2582:11)
      at node_modules/@testing-library/react/dist/act-compat.js:63:25
      at renderRoot (node_modules/@testing-library/react/dist/pure.js:159:26)
      at render (node_modules/@testing-library/react/dist/pure.js:246:10)
      at customRender (src/test-utils.tsx:10:9)
      at Object.<anonymous> (src/App.test.tsx:7:9)
      at TestScheduler.scheduleTests (node_modules/@jest/core/build/TestScheduler.js:333:13)
      at runJest (node_modules/@jest/core/build/runJest.js:404:19)
      at _run10000 (node_modules/@jest/core/build/cli/index.js:320:7)
      at runCLI (node_modules/@jest/core/build/cli/index.js:173:3)

  console.error
    The above error occurred in the <ForwardRef> component:
    
        at /home/runner/work/full-stack-repo/full-stack-repo/frontend/src/Logo.tsx:17:55
        at div
        at /home/runner/work/full-stack-repo/full-stack-repo/frontend/node_modules/@emotion/react/dist/emotion-element-f93e57b0.cjs.dev.js:62:23
        at ChakraComponent (/home/runner/work/full-stack-repo/full-stack-repo/frontend/node_modules/@chakra-ui/system/src/system.ts:88:53)
        at /home/runner/work/full-stack-repo/full-stack-repo/frontend/node_modules/@chakra-ui/layout/src/stack/stack.tsx:81:5
        at VStack
        at div
        at /home/runner/work/full-stack-repo/full-stack-repo/frontend/node_modules/@emotion/react/dist/emotion-element-f93e57b0.cjs.dev.js:62:23
        at ChakraComponent (/home/runner/work/full-stack-repo/full-stack-repo/frontend/node_modules/@chakra-ui/system/src/system.ts:88:53)
        at Grid2 (/home/runner/work/full-stack-repo/full-stack-repo/frontend/node_modules/@chakra-ui/layout/src/grid.tsx:80:5)
        at Home
        at RenderedRoute (/home/runner/work/full-stack-repo/full-stack-repo/frontend/node_modules/react-router/lib/hooks.tsx:657:26)
        at Routes (/home/runner/work/full-stack-repo/full-stack-repo/frontend/node_modules/react-router/lib/components.tsx:504:3)
        at div
        at /home/runner/work/full-stack-repo/full-stack-repo/frontend/node_modules/@emotion/react/dist/emotion-element-f93e57b0.cjs.dev.js:62:23
        at ChakraComponent (/home/runner/work/full-stack-repo/full-stack-repo/frontend/node_modules/@chakra-ui/system/src/system.ts:88:53)
        at Router (/home/runner/work/full-stack-repo/full-stack-repo/frontend/node_modules/react-router/lib/components.tsx:413:13)
        at BrowserRouter (/home/runner/work/full-stack-repo/full-stack-repo/frontend/node_modules/react-router-dom/index.tsx:757:3)
        at EnvironmentProvider (/home/runner/work/full-stack-repo/full-stack-repo/frontend/node_modules/@chakra-ui/react-env/src/env.tsx:38:11)
        at ColorModeProvider (/home/runner/work/full-stack-repo/full-stack-repo/frontend/node_modules/@chakra-ui/color-mode/src/color-mode-provider.tsx:33:5)
        at ThemeProvider (/home/runner/work/full-stack-repo/full-stack-repo/frontend/node_modules/@emotion/react/dist/emotion-element-f93e57b0.cjs.dev.js:125:32)
        at ThemeProvider (/home/runner/work/full-stack-repo/full-stack-repo/frontend/node_modules/@chakra-ui/system/src/providers.tsx:17:17)
        at ChakraProvider (/home/runner/work/full-stack-repo/full-stack-repo/frontend/node_modules/@chakra-ui/provider/src/chakra-provider.tsx:77:5)
        at ChakraProvider2 (/home/runner/work/full-stack-repo/full-stack-repo/frontend/node_modules/@chakra-ui/react/src/chakra-provider.tsx:23:3)
        at App
        at EnvironmentProvider (/home/runner/work/full-stack-repo/full-stack-repo/frontend/node_modules/@chakra-ui/react-env/src/env.tsx:38:11)
        at ColorModeProvider (/home/runner/work/full-stack-repo/full-stack-repo/frontend/node_modules/@chakra-ui/color-mode/src/color-mode-provider.tsx:33:5)
        at ThemeProvider (/home/runner/work/full-stack-repo/full-stack-repo/frontend/node_modules/@emotion/react/dist/emotion-element-f93e57b0.cjs.dev.js:125:32)
        at ThemeProvider (/home/runner/work/full-stack-repo/full-stack-repo/frontend/node_modules/@chakra-ui/system/src/providers.tsx:17:17)
        at ChakraProvider (/home/runner/work/full-stack-repo/full-stack-repo/frontend/node_modules/@chakra-ui/provider/src/chakra-provider.tsx:77:5)
        at ChakraProvider2 (/home/runner/work/full-stack-repo/full-stack-repo/frontend/node_modules/@chakra-ui/react/src/chakra-provider.tsx:23:3)
        at AllProviders (/home/runner/work/full-stack-repo/full-stack-repo/frontend/src/test-utils.tsx:5:25)
    
    Consider adding an error boundary to your tree to customize error handling behavior.
    Visit https://reactjs.org/link/error-boundaries to learn more about error boundaries.

    [0m [90m  8 |[39m
     [90m  9 |[39m [36mconst[39m customRender [33m=[39m (ui[33m:[39m [33mReact[39m[33m.[39m[33mReactElement[39m[33m,[39m options[33m?[39m[33m:[39m [33mRenderOptions[39m) [33m=>[39m
    [31m[1m>[22m[39m[90m 10 |[39m   render(ui[33m,[39m { wrapper[33m:[39m [33mAllProviders[39m[33m,[39m [33m...[39moptions })
     [90m    |[39m         [31m[1m^[22m[39m
     [90m 11 |[39m
     [90m 12 |[39m [36mexport[39m { customRender [36mas[39m render }
     [90m 13 |[39m[0m

      at logCapturedError (node_modules/react-dom/cjs/react-dom.development.js:18687:23)
      at update.callback (node_modules/react-dom/cjs/react-dom.development.js:18720:5)
      at callCallback (node_modules/react-dom/cjs/react-dom.development.js:13923:12)
      at commitUpdateQueue (node_modules/react-dom/cjs/react-dom.development.js:13944:9)
      at commitLayoutEffectOnFiber (node_modules/react-dom/cjs/react-dom.development.js:23391:13)
      at commitLayoutMountEffects_complete (node_modules/react-dom/cjs/react-dom.development.js:24688:9)
      at commitLayoutEffects_begin (node_modules/react-dom/cjs/react-dom.development.js:24674:7)
      at commitLayoutEffects (node_modules/react-dom/cjs/react-dom.development.js:24612:3)
      at commitRootImpl (node_modules/react-dom/cjs/react-dom.development.js:26823:5)
      at commitRoot (node_modules/react-dom/cjs/react-dom.development.js:26682:5)
      at performSyncWorkOnRoot (node_modules/react-dom/cjs/react-dom.development.js:26117:3)
      at flushSyncCallbacks (node_modules/react-dom/cjs/react-dom.development.js:12042:22)
      at commitRootImpl (node_modules/react-dom/cjs/react-dom.development.js:26959:3)
      at commitRoot (node_modules/react-dom/cjs/react-dom.development.js:26682:5)
      at finishConcurrentRender (node_modules/react-dom/cjs/react-dom.development.js:25981:9)
      at performConcurrentWorkOnRoot (node_modules/react-dom/cjs/react-dom.development.js:25809:7)
      at flushActQueue (node_modules/react/cjs/react.development.js:2667:24)
      at act (node_modules/react/cjs/react.development.js:2582:11)
      at node_modules/@testing-library/react/dist/act-compat.js:63:25
      at renderRoot (node_modules/@testing-library/react/dist/pure.js:159:26)
      at render (node_modules/@testing-library/react/dist/pure.js:246:10)
      at customRender (src/test-utils.tsx:10:9)
      at Object.<anonymous> (src/App.test.tsx:7:9)
      at TestScheduler.scheduleTests (node_modules/@jest/core/build/TestScheduler.js:333:13)
      at runJest (node_modules/@jest/core/build/runJest.js:404:19)
      at _run10000 (node_modules/@jest/core/build/cli/index.js:320:7)
      at runCLI (node_modules/@jest/core/build/cli/index.js:173:3)

FAIL src/App.test.tsx
  ✕ renders learn react link (303 ms)

  ● renders learn react link

    TypeError: win.matchMedia is not a function

    [0m [90m  8 |[39m
     [90m  9 |[39m [36mconst[39m customRender [33m=[39m (ui[33m:[39m [33mReact[39m[33m.[39m[33mReactElement[39m[33m,[39m options[33m?[39m[33m:[39m [33mRenderOptions[39m) [33m=>[39m
    [31m[1m>[22m[39m[90m 10 |[39m   render(ui[33m,[39m { wrapper[33m:[39m [33mAllProviders[39m[33m,[39m [33m...[39moptions })
     [90m    |[39m         [31m[1m^[22m[39m
     [90m 11 |[39m
     [90m 12 |[39m [36mexport[39m { customRender [36mas[39m render }
     [90m 13 |[39m[0m

      at node_modules/@chakra-ui/media-query/src/use-media-query.ts:44:22
          at Array.map (<anonymous>)
      at node_modules/@chakra-ui/media-query/src/use-media-query.ts:42:15
      at commitHookEffectListMount (node_modules/react-dom/cjs/react-dom.development.js:23150:26)
      at commitPassiveMountOnFiber (node_modules/react-dom/cjs/react-dom.development.js:24931:11)
      at commitPassiveMountEffects_complete (node_modules/react-dom/cjs/react-dom.development.js:24891:9)
      at commitPassiveMountEffects_begin (node_modules/react-dom/cjs/react-dom.development.js:24878:7)
      at commitPassiveMountEffects (node_modules/react-dom/cjs/react-dom.development.js:24866:3)
      at flushPassiveEffectsImpl (node_modules/react-dom/cjs/react-dom.development.js:27039:3)
      at flushPassiveEffects (node_modules/react-dom/cjs/react-dom.development.js:26984:14)
      at performSyncWorkOnRoot (node_modules/react-dom/cjs/react-dom.development.js:26076:3)
      at flushSyncCallbacks (node_modules/react-dom/cjs/react-dom.development.js:12042:22)
      at commitRootImpl (node_modules/react-dom/cjs/react-dom.development.js:26959:3)
      at commitRoot (node_modules/react-dom/cjs/react-dom.development.js:26682:5)
      at finishConcurrentRender (node_modules/react-dom/cjs/react-dom.development.js:25981:9)
      at performConcurrentWorkOnRoot (node_modules/react-dom/cjs/react-dom.development.js:25809:7)
      at flushActQueue (node_modules/react/cjs/react.development.js:2667:24)
      at act (node_modules/react/cjs/react.development.js:2582:11)
      at node_modules/@testing-library/react/dist/act-compat.js:63:25
      at renderRoot (node_modules/@testing-library/react/dist/pure.js:159:26)
      at render (node_modules/@testing-library/react/dist/pure.js:246:10)
      at customRender (src/test-utils.tsx:10:9)
      at Object.<anonymous> (src/App.test.tsx:7:9)
      at TestScheduler.scheduleTests (node_modules/@jest/core/build/TestScheduler.js:333:13)
      at runJest (node_modules/@jest/core/build/runJest.js:404:19)
      at _run10000 (node_modules/@jest/core/build/cli/index.js:320:7)
      at runCLI (node_modules/@jest/core/build/cli/index.js:173:3)

[0;33mOne of your dependencies, babel-preset-react-app, is importing the
"@babel/plugin-proposal-private-property-in-object" package without
declaring it in its dependencies. This is currently working because
"@babel/plugin-proposal-private-property-in-object" is already in your
node_modules folder for unrelated reasons, but it [1mmay break at any time[0;33m.

babel-preset-react-app is part of the create-react-app project, [1mwhich
is not maintianed anymore[0;33m. It is thus unlikely that this bug will
ever be fixed. Add "@babel/plugin-proposal-private-property-in-object" to
your devDependencies to work around this error. This will make this message
go away.[0m
  
------------------------|---------|----------|---------|---------|-------------------
File                    | % Stmts | % Branch | % Funcs | % Lines | Uncovered Line #s 
------------------------|---------|----------|---------|---------|-------------------
All files               |   22.07 |     4.76 |   23.07 |   22.36 |                   
 src                    |    16.9 |     4.76 |   17.39 |   17.14 |                   
  App.tsx               |     100 |       50 |     100 |     100 | 9                 
  ColorModeSwitcher.tsx |       0 |      100 |       0 |       0 | 12-17             
  Logo.tsx              |     100 |       50 |     100 |     100 | 19                
  index.tsx             |       0 |        0 |     100 |       0 | 9-28              
  reportWebVitals.ts    |       0 |        0 |       0 |       0 | 3-10              
  serviceWorker.ts      |       0 |        0 |       0 |       0 | 13-143            
  test-utils.tsx        |     100 |      100 |     100 |     100 |                   
 src/components         |     100 |      100 |     100 |     100 |                   
  Navbar.tsx            |     100 |      100 |     100 |     100 |                   
 src/pages              |      75 |      100 |      50 |      75 |                   
  About.tsx             |      50 |      100 |       0 |      50 | 6                 
  Home.tsx              |     100 |      100 |     100 |     100 |                   
------------------------|---------|----------|---------|---------|-------------------
Test Suites: 1 failed, 1 total
Tests:       1 failed, 1 total
Snapshots:   0 total
Time:        3.501 s
Ran all test suites.
